** Drc report for tk1.kicad_pro2.kicad_pcb **
** Created on 2026-02-12T22:48:08+0100 **

** Found 3 DRC violations **
[invalid_outline]: Board has malformed outline (not a closed shape)
    Local override; error
    @(85.0000 mm, 80.0000 mm): Segment on Edge.Cuts
[invalid_outline]: Board has malformed outline (self-intersecting)
    Local override; error
    @(84.0500 mm, 96.0500 mm): Segment of P1 on Edge.Cuts
    @(84.9500 mm, 96.9500 mm): Segment of P1 on Edge.Cuts
[invalid_outline]: Board has malformed outline (self-intersecting)
    Local override; error
    @(84.9500 mm, 89.0500 mm): Segment on Edge.Cuts
    @(84.9500 mm, 89.9500 mm): Segment of P1 on Edge.Cuts

** Found 80 unconnected pads **
[unconnected_items]: Missing connection between items
    Local override; error
    @(86.0000 mm, 90.2500 mm): Pad B1 [GND] of P1 on B.Cu
    @(86.0000 mm, 90.2500 mm): Track [GND] on F.Cu, length 1.5000 mm
[unconnected_items]: Missing connection between items
    Local override; error
    @(86.0000 mm, 95.7500 mm): Pad B12 [GND] of P1 on B.Cu
    @(89.7500 mm, 95.7500 mm): Track [GND] on F.Cu, length 3.7500 mm
[unconnected_items]: Missing connection between items
    Local override; error
    @(86.0500 mm, 89.5000 mm): Pad S1 [GND] of P1 on B.Cu
    @(86.0000 mm, 90.2500 mm): Pad B1 [GND] of P1 on B.Cu
[unconnected_items]: Missing connection between items
    Local override; error
    @(88.5000 mm, 87.5000 mm): Via [GND] on F.Cu - B.Cu
    @(88.5000 mm, 89.2500 mm): Track [GND] on F.Cu, length 0.7500 mm
[unconnected_items]: Missing connection between items
    Local override; error
    @(89.5000 mm, 87.0000 mm): Via [GND] on F.Cu - B.Cu
    @(90.4625 mm, 86.9625 mm): Track [GND] on F.Cu, length 1.3612 mm
[unconnected_items]: Missing connection between items
    Local override; error
    @(89.5000 mm, 87.0000 mm): Via [GND] on F.Cu - B.Cu
    @(88.5000 mm, 87.5000 mm): Via [GND] on F.Cu - B.Cu
[unconnected_items]: Missing connection between items
    Local override; error
    @(92.0000 mm, 98.0000 mm): Track [GND] on F.Cu, length 3.1820 mm
    @(89.5000 mm, 96.5000 mm): Track [GND] on F.Cu, length 2.8284 mm
[unconnected_items]: Missing connection between items
    Local override; error
    @(92.0000 mm, 98.0000 mm): Track [GND] on F.Cu, length 3.1820 mm
    @(95.1375 mm, 101.6250 mm): Track [GND] on F.Cu, length 0.9546 mm
[unconnected_items]: Missing connection between items
    Local override; error
    @(93.0000 mm, 84.7302 mm): Track [GND] on F.Cu, length 1.2698 mm
    @(91.0000 mm, 86.9625 mm): Pad 2 [GND] of R29 on F.Cu
[unconnected_items]: Missing connection between items
    Local override; error
    @(94.2698 mm, 84.7302 mm): Track [GND] on F.Cu, length 0.3256 mm
    @(95.3500 mm, 87.6802 mm): Track [GND] on F.Cu, length 0.4950 mm
[unconnected_items]: Missing connection between items
    Local override; error
    @(98.5000 mm, 100.9500 mm): Track [GND] on F.Cu, length 1.1375 mm
    @(100.0000 mm, 100.9500 mm): Via [GND] on F.Cu - B.Cu
[unconnected_items]: Missing connection between items
    Local override; error
    @(99.5000 mm, 90.0000 mm): Track [GND] on F.Cu, length 0.5750 mm
    @(96.1000 mm, 87.6802 mm): Track [GND] on F.Cu, length 0.7500 mm
[unconnected_items]: Missing connection between items
    Local override; error
    @(100.0750 mm, 90.0000 mm): Track [GND] on F.Cu, length 1.3081 mm
    @(104.5000 mm, 91.4625 mm): Track [GND] on F.Cu, length 2.1213 mm
[unconnected_items]: Missing connection between items
    Local override; error
    @(101.4625 mm, 100.9500 mm): Track [GND] on F.Cu, length 0.9546 mm
    @(107.2125 mm, 102.0000 mm): Track [GND] on F.Cu, length 0.6541 mm
[unconnected_items]: Missing connection between items
    Local override; error
    @(102.5927 mm, 86.7302 mm): Track [GND] on F.Cu, length 0.3256 mm
    @(101.0000 mm, 85.8625 mm): Via [GND] on F.Cu - B.Cu
[unconnected_items]: Missing connection between items
    Local override; error
    @(102.5000 mm, 99.5000 mm): Pad 1 [GND] of TP28 on B.Cu
    @(100.1000 mm, 96.5000 mm): Track [GND] on F.Cu, length 1.6000 mm
[unconnected_items]: Missing connection between items
    Local override; error
    @(103.5000 mm, 86.7302 mm): Track [GND] on F.Cu, length 0.9073 mm
    @(100.0750 mm, 90.0000 mm): Track [GND] on F.Cu, length 1.3081 mm
[unconnected_items]: Missing connection between items
    Local override; error
    @(108.2500 mm, 101.0000 mm): Track [GND] on F.Cu, length 0.2500 mm
    @(109.2500 mm, 102.0000 mm): Via [GND] on F.Cu - B.Cu
[unconnected_items]: Missing connection between items
    Local override; error
    @(112.5000 mm, 102.5000 mm): Track [GND] on F.Cu, length 1.5000 mm
    @(110.3819 mm, 101.6181 mm): Track [GND] on F.Cu, length 0.0116 mm
[unconnected_items]: Missing connection between items
    Local override; error
    @(116.0000 mm, 82.8677 mm): Track [GND] on F.Cu, length 1.1323 mm
    @(110.7698 mm, 82.2302 mm): Track [GND] on F.Cu, length 0.6792 mm
[unconnected_items]: Missing connection between items
    Local override; error
    @(116.6684 mm, 94.7302 mm): Pad 49 [GND] of U6 on F.Cu
    @(113.0000 mm, 91.0000 mm): Via [GND] on F.Cu - B.Cu
[unconnected_items]: Missing connection between items
    Local override; error
    @(120.9000 mm, 84.0000 mm): Track [GND] on F.Cu, length 0.9000 mm
    @(118.9448 mm, 82.7302 mm): Track [GND] on F.Cu, length 1.2145 mm
[unconnected_items]: Missing connection between items
    Local override; error
    @(123.1250 mm, 88.3750 mm): Track [GND] on F.Cu, length 0.7285 mm
    @(120.2500 mm, 85.5000 mm): Track [GND] on F.Cu, length 1.2500 mm
[unconnected_items]: Missing connection between items
    Local override; error
    @(125.3520 mm, 83.0000 mm): Track [GND] on F.Cu, length 0.3815 mm
    @(121.2198 mm, 83.6802 mm): Track [GND] on F.Cu, length 0.4522 mm
[unconnected_items]: Missing connection between items
    Local override; error
    @(86.0000 mm, 91.7500 mm): Pad A9 [+5V] of P1 on F.Cu
    @(86.0000 mm, 91.7500 mm): Pad B4 [+5V] of P1 on B.Cu
[unconnected_items]: Missing connection between items
    Local override; error
    @(86.0000 mm, 94.2500 mm): Pad A4 [+5V] of P1 on F.Cu
    @(86.0000 mm, 94.2500 mm): Pad B9 [+5V] of P1 on B.Cu
[unconnected_items]: Missing connection between items
    Local override; error
    @(89.5000 mm, 92.0000 mm): Track [+5V] on F.Cu, length 0.3536 mm
    @(89.2500 mm, 90.7500 mm): Via [+5V] on F.Cu - B.Cu
[unconnected_items]: Missing connection between items
    Local override; error
    @(91.5000 mm, 94.0000 mm): Track [+5V] on F.Cu, length 2.8284 mm
    @(92.5000 mm, 90.8177 mm): Track [+5V] on F.Cu, length 0.0721 mm
[unconnected_items]: Missing connection between items
    Local override; error
    @(90.5000 mm, 82.6302 mm): Track [+5V] on F.Cu, length 1.3698 mm
    @(93.0000 mm, 82.6552 mm): Track [+5V] on F.Cu, length 1.1552 mm
[unconnected_items]: Missing connection between items
    Local override; error
    @(91.5000 mm, 96.5000 mm): Track [+5V] on F.Cu, length 0.3622 mm
    @(92.5000 mm, 97.0000 mm): Track [+5V] on F.Cu, length 0.7262 mm
[unconnected_items]: Missing connection between items
    Local override; error
    @(93.0135 mm, 97.5135 mm): Track [+5V] on F.Cu, length 2.0369 mm
    @(93.0000 mm, 98.5000 mm): Track [+5V] on F.Cu, length 1.0000 mm
[unconnected_items]: Missing connection between items
    Local override; error
    @(94.5000 mm, 83.0000 mm): Via [+5V] on F.Cu - B.Cu
    @(95.2698 mm, 86.7302 mm): Track [+5V] on F.Cu, length 0.3815 mm
[unconnected_items]: Missing connection between items
    Local override; error
    @(95.2885 mm, 97.2754 mm): Track [+5V] on F.Cu, length 2.9869 mm
    @(94.3625 mm, 96.0000 mm): Pad 5 [+5V] of U5 on F.Cu
[unconnected_items]: Missing connection between items
    Local override; error
    @(97.3625 mm, 100.0000 mm): Track [+5V] on F.Cu, length 1.7750 mm
    @(104.5000 mm, 99.5000 mm): Pad 1 [+5V] of TP1 on B.Cu
[unconnected_items]: Missing connection between items
    Local override; error
    @(100.1000 mm, 97.5000 mm): Track [+3.3V] on F.Cu, length 1.4000 mm
    @(100.1000 mm, 97.0000 mm): Track [+3.3V] on F.Cu, length 1.0020 mm
[unconnected_items]: Missing connection between items
    Local override; error
    @(101.4937 mm, 98.4304 mm): Via [+3.3V] on F.Cu - B.Cu
    @(102.0000 mm, 97.0000 mm): Track [+3.3V] on F.Cu, length 0.7071 mm
[unconnected_items]: Missing connection between items
    Local override; error
    @(102.5000 mm, 84.5000 mm): Track [+3.3V] on F.Cu, length 0.8573 mm
    @(101.0000 mm, 87.0000 mm): Track [+3.3V] on F.Cu, length 1.0000 mm
[unconnected_items]: Missing connection between items
    Local override; error
    @(103.3573 mm, 84.5000 mm): Track [+3.3V] on F.Cu, length 0.3256 mm
    @(105.5750 mm, 86.7302 mm): Track [+3.3V] on F.Cu, length 0.3052 mm
[unconnected_items]: Missing connection between items
    Local override; error
    @(106.0000 mm, 94.0000 mm): Track [+3.3V] on F.Cu, length 1.4142 mm
    @(106.5000 mm, 99.5000 mm): Pad 1 [+3.3V] of TP2 on B.Cu
[unconnected_items]: Missing connection between items
    Local override; error
    @(105.5750 mm, 86.7302 mm): Track [+3.3V] on F.Cu, length 0.3052 mm
    @(106.0000 mm, 92.0375 mm): Track [+3.3V] on F.Cu, length 1.9625 mm
[unconnected_items]: Missing connection between items
    Local override; error
    @(111.6750 mm, 86.2358 mm): Via [+3.3V] on F.Cu - B.Cu
    @(108.0000 mm, 84.0000 mm): Track [+3.3V] on F.Cu, length 1.4142 mm
[unconnected_items]: Missing connection between items
    Local override; error
    @(112.3548 mm, 87.3548 mm): Track [+3.3V] on F.Cu, length 0.4392 mm
    @(113.0000 mm, 92.0000 mm): Via [+3.3V] on F.Cu - B.Cu
[unconnected_items]: Missing connection between items
    Local override; error
    @(115.0000 mm, 85.5000 mm): Track [+3.3V] on F.Cu, length 0.7071 mm
    @(112.3548 mm, 86.9156 mm): Track [+3.3V] on F.Cu, length 0.9613 mm
[unconnected_items]: Missing connection between items
    Local override; error
    @(115.0000 mm, 83.0000 mm): Track [+3.3V] on F.Cu, length 1.5000 mm
    @(116.0000 mm, 84.5927 mm): Pad 1 [+3.3V] of C26 on F.Cu
[unconnected_items]: Missing connection between items
    Local override; error
    @(115.1216 mm, 98.0448 mm): Track [+3.3V] on F.Cu, length 0.5682 mm
    @(113.0002 mm, 93.5370 mm): Track [+3.3V] on F.Cu, length 0.4887 mm
[unconnected_items]: Missing connection between items
    Local override; error
    @(116.9125 mm, 83.6802 mm): Track [+3.3V] on F.Cu, length 2.0323 mm
    @(119.5000 mm, 86.0000 mm): Track [+3.3V] on F.Cu, length 0.2905 mm
[unconnected_items]: Missing connection between items
    Local override; error
    @(126.8800 mm, 98.6200 mm): Pad 1 [+3.3V] of D3 on F.Cu
    @(121.0436 mm, 94.2441 mm): Track [+3.3V] on F.Cu, length 1.3526 mm
[unconnected_items]: Missing connection between items
    Local override; error
    @(102.1375 mm, 99.5500 mm): Track [+2V5] on F.Cu, length 2.0500 mm
    @(108.5000 mm, 99.5000 mm): Pad 1 [+2V5] of TP3 on B.Cu
[unconnected_items]: Missing connection between items
    Local override; error
    @(104.0150 mm, 88.5000 mm): Track [+2V5] on F.Cu, length 1.0150 mm
    @(106.0000 mm, 87.5000 mm): Track [+2V5] on In1.Cu, length 1.0000 mm
[unconnected_items]: Missing connection between items
    Local override; error
    @(107.0000 mm, 87.5000 mm): Track [+2V5] on In1.Cu, length 0.7071 mm
    @(110.0000 mm, 94.0000 mm): Pad 1 [+2V5] of C18 on F.Cu
[unconnected_items]: Missing connection between items
    Local override; error
    @(110.0000 mm, 94.0000 mm): Pad 1 [+2V5] of C18 on F.Cu
    @(108.5000 mm, 99.5000 mm): Pad 1 [+2V5] of TP3 on B.Cu
[unconnected_items]: Missing connection between items
    Local override; error
    @(99.7302 mm, 82.7302 mm): Track [+1V2] on F.Cu, length 1.2698 mm
    @(104.6375 mm, 101.7000 mm): Track [+1V2] on F.Cu, length 0.3375 mm
[unconnected_items]: Missing connection between items
    Local override; error
    @(104.6375 mm, 101.7000 mm): Pad 2 [+1V2] of FB3 on F.Cu
    @(110.5000 mm, 99.5000 mm): Pad 1 [+1V2] of TP4 on B.Cu
[unconnected_items]: Missing connection between items
    Local override; error
    @(111.6099 mm, 100.1401 mm): Pad 1 [+1V2] of C20 on F.Cu
    @(110.5000 mm, 99.5000 mm): Pad 1 [+1V2] of TP4 on B.Cu
[unconnected_items]: Missing connection between items
    Local override; error
    @(114.0609 mm, 96.9841 mm): Track [+1V2] on F.Cu, length 0.7932 mm
    @(119.6294 mm, 92.8299 mm): Pad 5 [+1V2] of U6 on F.Cu
[unconnected_items]: Missing connection between items
    Local override; error
    @(123.5000 mm, 87.3799 mm): Pad 1 [APP_CDONE] of TP17 on B.Cu
    @(120.1231 mm, 89.1860 mm): Track [APP_CDONE] on F.Cu, length 0.2725 mm
[unconnected_items]: Missing connection between items
    Local override; error
    @(114.7392 mm, 88.9892 mm): Track [APP_CRESET] on F.Cu, length 0.4864 mm
    @(115.1036 mm, 88.3578 mm): Track [APP_CRESET] on In2.Cu, length 0.7028 mm
[unconnected_items]: Missing connection between items
    Local override; error
    @(118.4000 mm, 89.9000 mm): Track [APP_CRESET] on In2.Cu, length 2.1810 mm
    @(118.7684 mm, 90.2503 mm): Via [APP_CRESET] on F.Cu - B.Cu
[unconnected_items]: Missing connection between items
    Local override; error
    @(118.7684 mm, 90.2503 mm): Via [APP_CRESET] on F.Cu - B.Cu
    @(121.5000 mm, 87.3799 mm): Pad 1 [APP_CRESET] of TP16 on B.Cu
[unconnected_items]: Missing connection between items
    Local override; error
    @(113.5000 mm, 87.3799 mm): Pad 1 [APP_ICE_SCK] of TP12 on B.Cu
    @(105.5000 mm, 82.7302 mm): Track [APP_ICE_SCK] on F.Cu, length 2.5000 mm
[unconnected_items]: Missing connection between items
    Local override; error
    @(114.6618 mm, 90.1618 mm): Track [APP_ICE_SCK] on F.Cu, length 0.0177 mm
    @(113.5000 mm, 87.3799 mm): Pad 1 [APP_ICE_SCK] of TP12 on B.Cu
[unconnected_items]: Missing connection between items
    Local override; error
    @(98.3698 mm, 88.6302 mm): Track [SPI_VCC_OK] on F.Cu, length 1.2300 mm
    @(96.7240 mm, 102.5385 mm): Track [SPI_VCC_OK] on F.Cu, length 0.9030 mm
[unconnected_items]: Missing connection between items
    Local override; error
    @(111.1099 mm, 98.3901 mm): Track [/Application FPGA/APP_+1.2_PLL] on F.Cu, length 0.7071 mm
    @(106.7500 mm, 99.4625 mm): Pad 1 [/Application FPGA/APP_+1.2_PLL] of C25 on F.Cu
[unconnected_items]: Missing connection between items
    Local override; error
    @(111.6365 mm, 95.8730 mm): Track [INTERFACE_TX] on F.Cu, length 1.1033 mm
    @(111.5000 mm, 96.7500 mm): Pad 1 [INTERFACE_TX] of TP6 on B.Cu
[unconnected_items]: Missing connection between items
    Local override; error
    @(90.0000 mm, 90.0000 mm): Track [Net-(P1-CC)] on F.Cu, length 0.0375 mm
    @(89.0270 mm, 94.3200 mm): Track [Net-(P1-CC)] on F.Cu, length 0.8061 mm
[unconnected_items]: Missing connection between items
    Local override; error
    @(115.3990 mm, 88.7511 mm): Track [APP_ICE_SS] on F.Cu, length 0.4964 mm
    @(118.1804 mm, 88.5000 mm): Track [APP_ICE_SS] on B.Cu, length 0.6804 mm
[unconnected_items]: Missing connection between items
    Local override; error
    @(116.0000 mm, 83.0000 mm): Track [APP_ICE_SS] on In1.Cu, length 1.0000 mm
    @(115.7500 mm, 88.2940 mm): Track [APP_ICE_SS] on F.Cu, length 1.3718 mm
[unconnected_items]: Missing connection between items
    Local override; error
    @(117.5000 mm, 87.3799 mm): Pad 1 [APP_ICE_SS] of TP13 on B.Cu
    @(118.1804 mm, 88.5000 mm): Track [APP_ICE_SS] on B.Cu, length 0.6804 mm
[unconnected_items]: Missing connection between items
    Local override; error
    @(114.7680 mm, 91.7692 mm): Track [APP_ICE_MOSI] on F.Cu, length 5.3288 mm
    @(115.5000 mm, 87.3799 mm): Pad 1 [APP_ICE_MOSI] of TP14 on B.Cu
[unconnected_items]: Missing connection between items
    Local override; error
    @(116.0000 mm, 89.0000 mm): Via [APP_ICE_MISO] on F.Cu - B.Cu
    @(108.3374 mm, 82.2302 mm): Track [APP_ICE_MISO] on F.Cu, length 0.5670 mm
[unconnected_items]: Missing connection between items
    Local override; error
    @(119.5000 mm, 88.8000 mm): Track [APP_ICE_MISO] on B.Cu, length 0.3000 mm
    @(119.5000 mm, 87.3799 mm): Pad 1 [APP_ICE_MISO] of TP15 on B.Cu
[unconnected_items]: Missing connection between items
    Local override; error
    @(112.6467 mm, 95.5699 mm): Track [INTERFACE_RX] on F.Cu, length 1.0664 mm
    @(113.5000 mm, 98.3799 mm): Pad 1 [INTERFACE_RX] of TP7 on B.Cu
[unconnected_items]: Missing connection between items
    Local override; error
    @(112.0000 mm, 101.5000 mm): Via [INTERFACE_RTS] on F.Cu - B.Cu
    @(113.5000 mm, 101.0000 mm): Pad 1 [INTERFACE_RTS] of TP8 on B.Cu
[unconnected_items]: Missing connection between items
    Local override; error
    @(112.3115 mm, 97.2500 mm): Track [INTERFACE_RTS] on F.Cu, length 0.0693 mm
    @(113.5000 mm, 101.0000 mm): Pad 1 [INTERFACE_RTS] of TP8 on B.Cu
[unconnected_items]: Missing connection between items
    Local override; error
    @(117.5000 mm, 98.3799 mm): Pad 1 [INTERFACE_CTS] of TP9 on B.Cu
    @(112.0997 mm, 96.8240 mm): Track [INTERFACE_CTS] on F.Cu, length 1.2735 mm
[unconnected_items]: Missing connection between items
    Local override; error
    @(116.1822 mm, 99.1055 mm): Pad 36 [APP_GPIO1] of U6 on F.Cu
    @(118.7000 mm, 100.0500 mm): Track [APP_GPIO1] on B.Cu, length 0.2500 mm
[unconnected_items]: Missing connection between items
    Local override; error
    @(118.9500 mm, 100.0500 mm): Track [APP_GPIO1] on B.Cu, length 0.7778 mm
    @(119.5000 mm, 98.3799 mm): Pad 1 [APP_GPIO1] of TP18 on B.Cu
[unconnected_items]: Missing connection between items
    Local override; error
    @(117.5699 mm, 98.7519 mm): Track [APP_GPIO2] on F.Cu, length 0.5405 mm
    @(121.5000 mm, 98.3799 mm): Pad 1 [APP_GPIO2] of TP19 on B.Cu
[unconnected_items]: Missing connection between items
    Local override; error
    @(123.5000 mm, 98.3799 mm): Pad 1 [APP_GPIO3] of TP20 on B.Cu
    @(122.2500 mm, 96.7500 mm): Via [APP_GPIO3] on F.Cu - B.Cu
[unconnected_items]: Missing connection between items
    Local override; error
    @(121.2500 mm, 96.7500 mm): Via [APP_GPIO4] on F.Cu - B.Cu
    @(125.5000 mm, 98.3799 mm): Pad 1 [APP_GPIO4] of TP21 on B.Cu

** Found 0 Footprint errors **

** End of Report **
